
Running 2 tests using 1 worker

  Γ£ô  1 [chromium] ΓÇ║ tests\marketplace.e2e.spec.ts:5:3 ΓÇ║ Marketplace Core Flow ΓÇ║ public browse routes and guarded checkout/cart routes (5.6s)
  Γ£ô  2 [chromium] ΓÇ║ tests\marketplace.e2e.spec.ts:30:3 ΓÇ║ Marketplace Core Flow ΓÇ║ catalog action buttons render and are clickable (3.2s)

  2 passed (10.4s)
